C:/Users/A/OneDrive - California State University San Marcos/Documents/STM32 Bare Metal Workspace/chip_headers/CMSIS/Include/core_cm4.h:1684:22:__NVIC_EnableIRQ	16	static,ignoring_inline_asm
C:/Users/A/OneDrive - California State University San Marcos/Documents/STM32 Bare Metal Workspace/chip_headers/CMSIS/Include/core_cm4.h:1814:22:__NVIC_SetPriority	16	static
../Src/systick.c:18:6:SysTick_Init	8	static
../Src/systick.c:54:6:SysTick_Handler	4	static
../Src/systick.c:63:6:delay	16	static
../Src/systick.c:72:10:get_tick	4	static
